"String"
1234
"String test whitespace"
5678
910
Identifier
1234
Identifier
"String"
void_Identifier1234
"String"
"Second string"
_Identifier
=
1234
